[seeds] SEED=20260914 BOOT_SEED=20260918 (toward TOWARD_SEED=20260914, same BOOT_SEED=20260918, lowdim KS=(20, 50, 100, 150))
[params] n_null=200 n_perm=200 n_boot=200 S2_KS=(20, 50, 100) F=(0.0, 0.05, 0.1, 0.25, 0.5, 1.0)
[prereg] read <repo>\results\south\PREREG.flag (7949 chars)
[file] <repo>\results\survey\opened\southard\fibroblast_CRISPRa_mean_pop.h5ad size=1720196368 md5=ba44c7813903bb5df900348d6b0d589a (2.7s)
[h5] tree written (73 lines) -> <repo>\results\south\h5_tree.txt
[columns obs] ['protospacer', 'target_gene', 'target_expr', 'active', 'cluster', 'cluster_name', 'cluster_description', 'gene_driven', 'sequence_driven', 'sequence_suffix', 'bulk_expr', 'expressed', 'p_expressed', 'de_genes', 'strength', 'cell_count', 'target_gene_id', 'masked_active', 'masked_cluster', 'masked_cluster_name', 'masked_cluster_description', 'masked_cluster_size', 'masked_cluster_num_genes', 'stricter_masked_cluster', 'stricter_masked_cluster_description', 'guide_identity']
[columns var] ['feature_types', 'genome', 'mean', 'in_matrix', 'std', 'cv', 'fano', 'pairwise_p_cost', 'mean_adjusted_pairwise_p_cost', 'excess_cv', 'pairwise_chosen', 'gene_id', 'gene_name']
[h5] X shape=(10916, 4914) dtype=float64 layers=['adj_p', 'masked', 'p'] raw_group=False uns=[]
[raw] raw_integer_counts=False source=None
[raw audit] {'dtype': 'float64', 'integer_dtype': False, 'n_seen': 53641224, 'n_fractional': 53640987, 'n_negative': 30370037, 'n_nonfinite': 0, 'min': -9.156079292297363, 'max': 184.80467224121094, 'raw_integer_counts': False, 'where': 'X'}
[raw audit] {'dtype': 'float64', 'integer_dtype': False, 'n_seen': 53641224, 'n_fractional': 53619366, 'n_negative': 0, 'n_nonfinite': 0, 'min': 0.0, 'max': 0.9999999985175676, 'raw_integer_counts': False, 'where': 'layers/adj_p'}
[raw audit] {'dtype': 'float64', 'integer_dtype': False, 'n_seen': 53641224, 'n_fractional': 53638740, 'n_negative': 30369689, 'n_nonfinite': 2247, 'min': -9.156079292297363, 'max': 184.80467224121094, 'raw_integer_counts': False, 'where': 'layers/masked'}
[raw audit] {'dtype': 'float64', 'integer_dtype': False, 'n_seen': 53641224, 'n_fractional': 53593911, 'n_negative': 0, 'n_nonfinite': 0, 'min': 0.0, 'max': 0.9999999985175676, 'raw_integer_counts': False, 'where': 'layers/p'}
[unit] {'unit': 'replicate (per-guide mean-population row)', 'one_row_per_guide': True, 'n_unique_guides': 10916, 'max_rows_per_target': 17, 'min_rows_per_target': 2, 'cell_barcode_column': False, 'cell_count_column': True}
[controls] rows whose target_gene or guide_identity matches '(?i)(non[-_ ]?targeting|non[-_ ]?target|^off[-_ ]?target|scrambled?|scrambl|intergenic|safe[-_ ]?harbor|^nt[_-]|^ntc$|^ntc[_-]|^control$|^ctrl$|^ctrl[_-]|negative[-_ ]?control)': 17 labels=['off-target']
[controls evidence] {'n_empty_target_gene_id': 17, 'n_nan_target_expr': 17, 'n_active': 0, 'n_gene_driven': 0, 'n_sequence_driven': 3, 'n_with_de_genes': 10, 'cell_count_min': 238.0, 'cell_count_median': 444.0, 'cell_count_max': 1369.0}
[reps per factor] {2: 1, 3: 3, 4: 37, 5: 30, 6: 1765}
[targets] non-gene-symbol-shaped labels: []
[targets] hyphenated labels (18): ['BORCS8-MEF2B', 'CCDC169-SOHLH2', 'NKX1-1', 'NKX1-2', 'NKX2-1', 'NKX2-2', 'NKX2-3', 'NKX2-4', 'NKX2-5', 'NKX2-6', 'NKX2-8', 'NKX3-1', 'NKX3-2', 'NKX6-1', 'NKX6-2', 'NKX6-3', 'ZNF559-ZNF177', 'off-target']
[align index] overlap=4907 ensembl=4906 symbol=1
[ruler] frozen-ruler genes=23485 (expected 23485) present=4907 of 4914 var genes; identity present=['COL1A1', 'COL1A2', 'FN1', 'LUM', 'PDGFRA', 'PDGFRB', 'PRRX1', 'SERPINH1', 'VIM'] missing=['POSTN']
[resampling] unit=replicates factors with >= 2 replicate rows=1836
[sibling] {'name': 'fibroblast_CRISPRa_aggr_total_guide_umis.h5', 'size_bytes': 58166462, 'datasets': [{'path': 'guide_umis/index_label0', 'shape': [4799297], 'dtype': 'int32'}, {'path': 'guide_umis/index_label1', 'shape': [4799297], 'dtype': 'int16'}, {'path': 'guide_umis/index_level0', 'shape': [514841], 'dtype': '|S19'}, {'path': 'guide_umis/index_level1', 'shape': [10979], 'dtype': '|S35'}, {'path': 'guide_umis/values', 'shape': [4799297], 'dtype': 'float32'}]}
[sibling] {'name': 'L4A_matrix.h5', 'size_bytes': 76636358, 'datasets': [{'path': 'matrix/barcodes', 'shape': [18197], 'dtype': '|S18'}, {'path': 'matrix/data', 'shape': [53677509], 'dtype': 'int32'}, {'path': 'matrix/features/_all_tag_keys', 'shape': [4], 'dtype': '|S8'}, {'path': 'matrix/features/feature_type', 'shape': [47580], 'dtype': '|S20'}, {'path': 'matrix/features/genome', 'shape': [47580], 'dtype': '|S6'}, {'path': 'matrix/features/id', 'shape': [47580], 'dtype': '|S35'}, {'path': 'matrix/features/name', 'shape': [47580], 'dtype': '|S17'}, {'path': 'matrix/features/pattern', 'shape': [47580], 'dtype': '|S24'}, {'path': 'matrix/features/read', 'shape': [47580], 'dtype': '|S2'}, {'path': 'matrix/features/sequence', 'shape': [47580], 'dtype': '|S20'}, {'path': 'matrix/indices', 'shape': [53677509], 'dtype': 'int64'}, {'path': 'matrix/indptr', 'shape': [18198], 'dtype': 'int64'}, {'path': 'matrix/shape', 'shape': [2], 'dtype': 'int32'}], 'cellranger': {'shape_features_barcodes': [47580, 18197], 'n_barcodes': 18197, 'feature_types': {'CRISPR Guide Capture': 10979, 'Gene Expression': 36601}, 'data_dtype': 'int32', 'integer_dtype': True, 'data_min': 1, 'data_max': 13784, 'n_gene_expression': 36601}}
[inventory] wrote <repo>\results\south\inventory.json
[STOP] Stage 0 fired: ['no_raw_counts']
