[parallel download] https://ftp.ncbi.nlm.nih.gov/geo/series/GSE217nnn/GSE217460/suppl/GSE217460_210322_TFAtlas_raw.h5ad.gz
  -> data\raw\GSE217460\GSE217460_210322_TFAtlas_raw.h5ad.gz  total=4.69 GB  connections=24
    0.1%  0.01/4.69 GB  0.31 MB/s  elapsed 20s
    0.2%  0.01/4.69 GB  0.26 MB/s  elapsed 40s
    0.4%  0.02/4.69 GB  0.47 MB/s  elapsed 60s
    0.6%  0.03/4.69 GB  0.47 MB/s  elapsed 80s
    0.7%  0.03/4.69 GB  0.21 MB/s  elapsed 100s
    0.8%  0.04/4.69 GB  0.05 MB/s  elapsed 120s
    0.8%  0.04/4.69 GB  0.16 MB/s  elapsed 140s
    0.9%  0.04/4.69 GB  0.21 MB/s  elapsed 160s
    1.0%  0.05/4.69 GB  0.16 MB/s  elapsed 180s
    1.1%  0.05/4.69 GB  0.16 MB/s  elapsed 200s
    1.5%  0.07/4.69 GB  1.00 MB/s  elapsed 220s
    2.0%  0.09/4.69 GB  1.26 MB/s  elapsed 240s
    2.3%  0.11/4.69 GB  0.58 MB/s  elapsed 260s
    2.3%  0.11/4.69 GB  0.21 MB/s  elapsed 280s
    2.4%  0.11/4.69 GB  0.05 MB/s  elapsed 300s
    2.4%  0.11/4.69 GB  0.16 MB/s  elapsed 320s
    2.5%  0.12/4.69 GB  0.05 MB/s  elapsed 340s
    2.7%  0.12/4.69 GB  0.47 MB/s  elapsed 360s
    2.9%  0.14/4.69 GB  0.63 MB/s  elapsed 380s
    3.0%  0.14/4.69 GB  0.10 MB/s  elapsed 400s
    3.1%  0.15/4.69 GB  0.37 MB/s  elapsed 420s
    3.4%  0.16/4.69 GB  0.52 MB/s  elapsed 440s
    4.0%  0.19/4.69 GB  1.52 MB/s  elapsed 460s
    5.4%  0.25/4.69 GB  3.30 MB/s  elapsed 480s
    6.4%  0.30/4.69 GB  2.31 MB/s  elapsed 500s
    8.0%  0.37/4.69 GB  3.67 MB/s  elapsed 520s
    9.7%  0.45/4.69 GB  3.98 MB/s  elapsed 540s
   11.2%  0.52/4.69 GB  3.57 MB/s  elapsed 560s
   12.7%  0.60/4.69 GB  3.62 MB/s  elapsed 580s
   14.2%  0.67/4.69 GB  3.46 MB/s  elapsed 600s
   15.7%  0.74/4.69 GB  3.57 MB/s  elapsed 620s
   17.2%  0.81/4.69 GB  3.51 MB/s  elapsed 640s
   18.7%  0.88/4.69 GB  3.41 MB/s  elapsed 660s
   20.3%  0.95/4.69 GB  3.77 MB/s  elapsed 680s
   21.5%  1.01/4.69 GB  2.73 MB/s  elapsed 700s
   22.3%  1.05/4.69 GB  1.99 MB/s  elapsed 720s
   23.2%  1.09/4.69 GB  1.99 MB/s  elapsed 740s
   23.6%  1.11/4.69 GB  1.10 MB/s  elapsed 760s
   25.4%  1.19/4.69 GB  4.19 MB/s  elapsed 780s
   27.1%  1.27/4.69 GB  4.04 MB/s  elapsed 800s
   28.7%  1.35/4.69 GB  3.67 MB/s  elapsed 820s
   30.4%  1.43/4.69 GB  4.09 MB/s  elapsed 840s
   31.8%  1.49/4.69 GB  3.20 MB/s  elapsed 860s
   33.7%  1.58/4.69 GB  4.35 MB/s  elapsed 880s
   35.4%  1.66/4.69 GB  4.04 MB/s  elapsed 900s
   36.8%  1.73/4.69 GB  3.36 MB/s  elapsed 920s
   38.2%  1.79/4.69 GB  3.30 MB/s  elapsed 940s
   39.8%  1.87/4.69 GB  3.67 MB/s  elapsed 960s
   41.2%  1.93/4.69 GB  3.30 MB/s  elapsed 980s
   42.9%  2.01/4.69 GB  4.04 MB/s  elapsed 1000s
   44.5%  2.09/4.69 GB  3.77 MB/s  elapsed 1020s
   46.1%  2.16/4.69 GB  3.72 MB/s  elapsed 1040s
   46.9%  2.20/4.69 GB  1.84 MB/s  elapsed 1060s
   47.4%  2.22/4.69 GB  1.21 MB/s  elapsed 1080s
   48.2%  2.26/4.69 GB  1.89 MB/s  elapsed 1100s
   49.9%  2.34/4.69 GB  3.83 MB/s  elapsed 1120s
   51.2%  2.40/4.69 GB  3.20 MB/s  elapsed 1140s
   52.6%  2.47/4.69 GB  3.25 MB/s  elapsed 1160s
   54.2%  2.54/4.69 GB  3.83 MB/s  elapsed 1180s
   55.7%  2.61/4.69 GB  3.41 MB/s  elapsed 1200s
   56.8%  2.66/4.69 GB  2.62 MB/s  elapsed 1220s
   58.3%  2.73/4.69 GB  3.41 MB/s  elapsed 1240s
   59.7%  2.80/4.69 GB  3.30 MB/s  elapsed 1260s
   60.6%  2.84/4.69 GB  2.10 MB/s  elapsed 1280s
   62.0%  2.91/4.69 GB  3.30 MB/s  elapsed 1300s
   63.9%  2.99/4.69 GB  4.40 MB/s  elapsed 1320s
   65.3%  3.06/4.69 GB  3.36 MB/s  elapsed 1340s
   66.8%  3.13/4.69 GB  3.41 MB/s  elapsed 1360s
   68.2%  3.20/4.69 GB  3.36 MB/s  elapsed 1380s
   69.1%  3.24/4.69 GB  2.20 MB/s  elapsed 1400s
   69.3%  3.25/4.69 GB  0.37 MB/s  elapsed 1420s
   71.0%  3.33/4.69 GB  3.98 MB/s  elapsed 1440s
   72.5%  3.40/4.69 GB  3.67 MB/s  elapsed 1460s
   74.1%  3.47/4.69 GB  3.57 MB/s  elapsed 1480s
   75.4%  3.53/4.69 GB  3.15 MB/s  elapsed 1500s
   76.9%  3.60/4.69 GB  3.46 MB/s  elapsed 1520s
   78.4%  3.68/4.69 GB  3.59 MB/s  elapsed 1540s
   79.6%  3.73/4.69 GB  2.70 MB/s  elapsed 1560s
   81.4%  3.81/4.69 GB  4.22 MB/s  elapsed 1580s
   83.0%  3.89/4.69 GB  3.77 MB/s  elapsed 1600s
   84.5%  3.96/4.69 GB  3.57 MB/s  elapsed 1620s
   86.0%  4.03/4.69 GB  3.57 MB/s  elapsed 1640s
   87.7%  4.11/4.69 GB  3.98 MB/s  elapsed 1660s
   89.3%  4.18/4.69 GB  3.62 MB/s  elapsed 1680s
   90.7%  4.25/4.69 GB  3.44 MB/s  elapsed 1700s
   91.3%  4.28/4.69 GB  1.43 MB/s  elapsed 1720s
   91.8%  4.31/4.69 GB  1.17 MB/s  elapsed 1740s
   92.8%  4.35/4.69 GB  2.33 MB/s  elapsed 1760s
   94.3%  4.42/4.69 GB  3.38 MB/s  elapsed 1780s
   95.6%  4.48/4.69 GB  2.98 MB/s  elapsed 1800s
   96.6%  4.53/4.69 GB  2.53 MB/s  elapsed 1820s
   98.0%  4.59/4.69 GB  3.12 MB/s  elapsed 1840s
   99.0%  4.64/4.69 GB  2.49 MB/s  elapsed 1860s
   99.6%  4.67/4.69 GB  1.31 MB/s  elapsed 1880s
   99.9%  4.68/4.69 GB  0.80 MB/s  elapsed 1900s
  100.0%  4.69/4.69 GB  0.17 MB/s  elapsed 1920s
[concat] assembling segments ...
[done] data\raw\GSE217460\GSE217460_210322_TFAtlas_raw.h5ad.gz (4.69 GB)
