[download] https://datasets.cellxgene.cziscience.com/1e44db10-b572-46cc-adae-dcc7acd44ca6.h5ad
    -> data\raw\onek1k\1e44db10-b572-46cc-adae-dcc7acd44ca6.h5ad
    remote=4434273970 local=0
      1.8% 0.08 GB  (5.2 MB/s)
      3.7% 0.16 GB  (5.3 MB/s)
      5.5% 0.24 GB  (5.2 MB/s)
      7.2% 0.32 GB  (5.1 MB/s)
      9.0% 0.40 GB  (5.1 MB/s)
     10.7% 0.47 GB  (5.1 MB/s)
     12.5% 0.55 GB  (5.1 MB/s)
     14.3% 0.63 GB  (5.1 MB/s)
     16.0% 0.71 GB  (5.1 MB/s)
     17.7% 0.78 GB  (5.0 MB/s)
     19.5% 0.86 GB  (5.1 MB/s)
     21.3% 0.94 GB  (5.1 MB/s)
     23.0% 1.02 GB  (5.1 MB/s)
     24.8% 1.10 GB  (5.1 MB/s)
     26.6% 1.18 GB  (5.1 MB/s)
     28.4% 1.26 GB  (5.1 MB/s)
     30.1% 1.33 GB  (5.1 MB/s)
     31.5% 1.40 GB  (5.0 MB/s)
     32.9% 1.46 GB  (5.0 MB/s)
     34.5% 1.53 GB  (4.9 MB/s)
     35.3% 1.56 GB  (4.8 MB/s)
     36.9% 1.64 GB  (4.8 MB/s)
     38.0% 1.69 GB  (4.7 MB/s)
     39.3% 1.74 GB  (4.7 MB/s)
     40.8% 1.81 GB  (4.7 MB/s)
     42.5% 1.88 GB  (4.7 MB/s)
     44.0% 1.95 GB  (4.6 MB/s)
     45.7% 2.03 GB  (4.7 MB/s)
     47.2% 2.09 GB  (4.6 MB/s)
     48.8% 2.16 GB  (4.6 MB/s)
     50.3% 2.23 GB  (4.6 MB/s)
     52.0% 2.31 GB  (4.6 MB/s)
     52.9% 2.34 GB  (4.6 MB/s)
     53.8% 2.39 GB  (4.5 MB/s)
     54.8% 2.43 GB  (4.5 MB/s)
     56.2% 2.49 GB  (4.5 MB/s)
     57.7% 2.56 GB  (4.5 MB/s)
     59.3% 2.63 GB  (4.5 MB/s)
     60.7% 2.69 GB  (4.4 MB/s)
     62.3% 2.76 GB  (4.5 MB/s)
     63.8% 2.83 GB  (4.4 MB/s)
     65.1% 2.89 GB  (4.4 MB/s)
     66.3% 2.94 GB  (4.4 MB/s)
     67.6% 3.00 GB  (4.4 MB/s)
     69.0% 3.06 GB  (4.4 MB/s)
     70.0% 3.10 GB  (4.3 MB/s)
     70.9% 3.15 GB  (4.3 MB/s)
     72.0% 3.19 GB  (4.3 MB/s)
     72.6% 3.22 GB  (4.2 MB/s)
     72.9% 3.23 GB  (4.1 MB/s)
     73.7% 3.27 GB  (4.1 MB/s)
     74.0% 3.28 GB  (4.0 MB/s)
     74.2% 3.29 GB  (3.9 MB/s)
     74.6% 3.31 GB  (3.9 MB/s)
     74.9% 3.32 GB  (3.8 MB/s)
     75.2% 3.33 GB  (3.8 MB/s)
     75.7% 3.36 GB  (3.7 MB/s)
     76.1% 3.38 GB  (3.7 MB/s)
     76.5% 3.39 GB  (3.6 MB/s)
     77.0% 3.41 GB  (3.6 MB/s)
     77.4% 3.43 GB  (3.5 MB/s)
     77.8% 3.45 GB  (3.5 MB/s)
     78.4% 3.48 GB  (3.4 MB/s)
     78.9% 3.50 GB  (3.4 MB/s)
     79.5% 3.52 GB  (3.4 MB/s)
     80.3% 3.56 GB  (3.4 MB/s)
     80.6% 3.57 GB  (3.3 MB/s)
     80.8% 3.58 GB  (3.3 MB/s)
     81.2% 3.60 GB  (3.2 MB/s)
     81.3% 3.61 GB  (3.2 MB/s)
     81.6% 3.62 GB  (3.2 MB/s)
     82.2% 3.64 GB  (3.1 MB/s)
     82.4% 3.65 GB  (3.1 MB/s)
     82.9% 3.67 GB  (3.0 MB/s)
     83.3% 3.70 GB  (3.0 MB/s)
     83.7% 3.71 GB  (3.0 MB/s)
     84.1% 3.73 GB  (3.0 MB/s)
     84.7% 3.75 GB  (2.9 MB/s)
     84.8% 3.76 GB  (2.9 MB/s)
     85.1% 3.77 GB  (2.9 MB/s)
     85.6% 3.80 GB  (2.9 MB/s)
     85.9% 3.81 GB  (2.8 MB/s)
     86.6% 3.84 GB  (2.8 MB/s)
     87.5% 3.88 GB  (2.8 MB/s)
     88.1% 3.90 GB  (2.8 MB/s)
     88.4% 3.92 GB  (2.8 MB/s)
     89.0% 3.95 GB  (2.7 MB/s)
     89.6% 3.97 GB  (2.7 MB/s)
     89.9% 3.98 GB  (2.7 MB/s)
     90.2% 4.00 GB  (2.7 MB/s)
     90.7% 4.02 GB  (2.7 MB/s)
     91.3% 4.05 GB  (2.7 MB/s)
     91.8% 4.07 GB  (2.6 MB/s)
     92.3% 4.09 GB  (2.6 MB/s)
     92.8% 4.11 GB  (2.6 MB/s)
     93.5% 4.15 GB  (2.6 MB/s)
     93.8% 4.16 GB  (2.6 MB/s)
     94.1% 4.17 GB  (2.6 MB/s)
     94.6% 4.19 GB  (2.5 MB/s)
     95.1% 4.22 GB  (2.5 MB/s)
     95.5% 4.24 GB  (2.5 MB/s)
     96.1% 4.26 GB  (2.5 MB/s)
     97.1% 4.31 GB  (2.5 MB/s)
     97.6% 4.33 GB  (2.5 MB/s)
     97.9% 4.34 GB  (2.5 MB/s)
     98.3% 4.36 GB  (2.5 MB/s)
     98.8% 4.38 GB  (2.4 MB/s)
     99.3% 4.40 GB  (2.4 MB/s)
     99.7% 4.42 GB  (2.4 MB/s)
[done] data\raw\onek1k\1e44db10-b572-46cc-adae-dcc7acd44ca6.h5ad (4.43 GB)
