[download] https://datasets.cellxgene.cziscience.com/f89a12c2-7a3b-415b-ab87-bbc550fe17f4.h5ad
    -> data\raw\aida\f89a12c2-7a3b-415b-ab87-bbc550fe17f4.h5ad
    remote=14244656399 local=0
      0.1% 0.02 GB  (0.7 MB/s)
      0.2% 0.03 GB  (0.7 MB/s)
      0.3% 0.05 GB  (0.8 MB/s)
      0.4% 0.06 GB  (0.9 MB/s)
      0.6% 0.08 GB  (0.9 MB/s)
      0.7% 0.10 GB  (0.9 MB/s)
      0.8% 0.12 GB  (0.9 MB/s)
      1.0% 0.14 GB  (0.9 MB/s)
      1.2% 0.17 GB  (1.0 MB/s)
      1.4% 0.21 GB  (1.1 MB/s)
      1.7% 0.25 GB  (1.3 MB/s)
      1.9% 0.26 GB  (1.2 MB/s)
      2.0% 0.29 GB  (1.2 MB/s)
      2.2% 0.32 GB  (1.3 MB/s)
      2.5% 0.36 GB  (1.3 MB/s)
      2.7% 0.38 GB  (1.4 MB/s)
      2.9% 0.42 GB  (1.4 MB/s)
      3.2% 0.46 GB  (1.5 MB/s)
      3.5% 0.50 GB  (1.5 MB/s)
      3.9% 0.56 GB  (1.6 MB/s)
      4.4% 0.63 GB  (1.7 MB/s)
      4.9% 0.70 GB  (1.9 MB/s)
      5.4% 0.77 GB  (2.0 MB/s)
      5.9% 0.84 GB  (2.1 MB/s)
      6.4% 0.91 GB  (2.2 MB/s)
      6.9% 0.98 GB  (2.2 MB/s)
      7.2% 1.03 GB  (2.3 MB/s)
      7.6% 1.08 GB  (2.3 MB/s)
      7.9% 1.12 GB  (2.3 MB/s)
      8.1% 1.16 GB  (2.3 MB/s)
      8.6% 1.23 GB  (2.4 MB/s)
      9.1% 1.30 GB  (2.4 MB/s)
      9.6% 1.37 GB  (2.5 MB/s)
     10.1% 1.44 GB  (2.6 MB/s)
     10.6% 1.51 GB  (2.6 MB/s)
     11.1% 1.59 GB  (2.7 MB/s)
     11.6% 1.66 GB  (2.7 MB/s)
     12.1% 1.73 GB  (2.8 MB/s)
     12.6% 1.80 GB  (2.8 MB/s)
     13.1% 1.87 GB  (2.9 MB/s)
     13.6% 1.94 GB  (2.9 MB/s)
     14.1% 2.01 GB  (2.9 MB/s)
     14.6% 2.08 GB  (3.0 MB/s)
     15.1% 2.16 GB  (3.0 MB/s)
     15.6% 2.23 GB  (3.0 MB/s)
     16.1% 2.30 GB  (3.1 MB/s)
     16.6% 2.37 GB  (3.1 MB/s)
     17.1% 2.44 GB  (3.1 MB/s)
     17.5% 2.50 GB  (3.1 MB/s)
     17.9% 2.55 GB  (3.1 MB/s)
     18.2% 2.59 GB  (3.1 MB/s)
     18.5% 2.63 GB  (3.1 MB/s)
     19.0% 2.70 GB  (3.1 MB/s)
     19.5% 2.77 GB  (3.2 MB/s)
     20.0% 2.84 GB  (3.2 MB/s)
     20.5% 2.92 GB  (3.2 MB/s)
     21.0% 2.99 GB  (3.2 MB/s)
     21.5% 3.06 GB  (3.3 MB/s)
     21.9% 3.12 GB  (3.3 MB/s)
     22.4% 3.19 GB  (3.3 MB/s)
     22.9% 3.26 GB  (3.3 MB/s)
     23.4% 3.33 GB  (3.3 MB/s)
     23.9% 3.40 GB  (3.4 MB/s)
     24.4% 3.47 GB  (3.4 MB/s)
     24.9% 3.54 GB  (3.4 MB/s)
     25.4% 3.62 GB  (3.4 MB/s)
     25.9% 3.69 GB  (3.4 MB/s)
     26.4% 3.76 GB  (3.4 MB/s)
     26.9% 3.83 GB  (3.5 MB/s)
     27.4% 3.90 GB  (3.5 MB/s)
     27.9% 3.97 GB  (3.5 MB/s)
     28.3% 4.03 GB  (3.5 MB/s)
     28.5% 4.06 GB  (3.5 MB/s)
     29.0% 4.13 GB  (3.5 MB/s)
     29.6% 4.21 GB  (3.5 MB/s)
     30.1% 4.29 GB  (3.5 MB/s)
     30.7% 4.37 GB  (3.6 MB/s)
     31.2% 4.44 GB  (3.6 MB/s)
     31.7% 4.51 GB  (3.6 MB/s)
     32.2% 4.58 GB  (3.6 MB/s)
     32.6% 4.64 GB  (3.6 MB/s)
     33.1% 4.71 GB  (3.6 MB/s)
     33.6% 4.78 GB  (3.6 MB/s)
     34.1% 4.85 GB  (3.6 MB/s)
     34.6% 4.92 GB  (3.6 MB/s)
     35.1% 5.00 GB  (3.6 MB/s)
     35.6% 5.07 GB  (3.7 MB/s)
     36.1% 5.14 GB  (3.7 MB/s)
     36.6% 5.21 GB  (3.7 MB/s)
     37.0% 5.28 GB  (3.7 MB/s)
     37.5% 5.35 GB  (3.7 MB/s)
     38.0% 5.41 GB  (3.7 MB/s)
     38.3% 5.45 GB  (3.7 MB/s)
     38.7% 5.51 GB  (3.7 MB/s)
     39.0% 5.55 GB  (3.7 MB/s)
     39.5% 5.62 GB  (3.7 MB/s)
     40.0% 5.69 GB  (3.7 MB/s)
     40.5% 5.76 GB  (3.7 MB/s)
     41.0% 5.83 GB  (3.7 MB/s)
     41.5% 5.91 GB  (3.7 MB/s)
     42.0% 5.98 GB  (3.7 MB/s)
     42.5% 6.05 GB  (3.7 MB/s)
     43.0% 6.12 GB  (3.7 MB/s)
     43.5% 6.19 GB  (3.7 MB/s)
     44.0% 6.26 GB  (3.8 MB/s)
     44.5% 6.33 GB  (3.8 MB/s)
     45.0% 6.40 GB  (3.8 MB/s)
     45.5% 6.48 GB  (3.8 MB/s)
     46.0% 6.55 GB  (3.8 MB/s)
     46.5% 6.62 GB  (3.8 MB/s)
     46.9% 6.69 GB  (3.8 MB/s)
     47.5% 6.76 GB  (3.8 MB/s)
     48.0% 6.83 GB  (3.8 MB/s)
     48.3% 6.88 GB  (3.8 MB/s)
     48.7% 6.94 GB  (3.8 MB/s)
     48.9% 6.97 GB  (3.8 MB/s)
     49.3% 7.02 GB  (3.8 MB/s)
     49.8% 7.09 GB  (3.8 MB/s)
     50.3% 7.16 GB  (3.8 MB/s)
     50.8% 7.24 GB  (3.8 MB/s)
     51.3% 7.31 GB  (3.8 MB/s)
     51.8% 7.38 GB  (3.8 MB/s)
     52.3% 7.45 GB  (3.8 MB/s)
     52.8% 7.52 GB  (3.8 MB/s)
     53.3% 7.59 GB  (3.8 MB/s)
     53.8% 7.66 GB  (3.8 MB/s)
     54.3% 7.73 GB  (3.8 MB/s)
     54.7% 7.80 GB  (3.8 MB/s)
     55.2% 7.87 GB  (3.8 MB/s)
     55.7% 7.94 GB  (3.9 MB/s)
     56.2% 8.01 GB  (3.9 MB/s)
     56.7% 8.07 GB  (3.9 MB/s)
     57.1% 8.14 GB  (3.9 MB/s)
     57.4% 8.17 GB  (3.9 MB/s)
     57.8% 8.23 GB  (3.8 MB/s)
     58.2% 8.28 GB  (3.8 MB/s)
     58.7% 8.36 GB  (3.8 MB/s)
     59.2% 8.43 GB  (3.9 MB/s)
     59.7% 8.50 GB  (3.9 MB/s)
     60.2% 8.57 GB  (3.9 MB/s)
     60.7% 8.64 GB  (3.9 MB/s)
     61.2% 8.71 GB  (3.9 MB/s)
     61.7% 8.78 GB  (3.9 MB/s)
     62.2% 8.85 GB  (3.9 MB/s)
     62.7% 8.93 GB  (3.9 MB/s)
     63.2% 9.00 GB  (3.9 MB/s)
     63.7% 9.07 GB  (3.9 MB/s)
     64.2% 9.14 GB  (3.9 MB/s)
     64.6% 9.21 GB  (3.9 MB/s)
     65.1% 9.28 GB  (3.9 MB/s)
     65.6% 9.35 GB  (3.9 MB/s)
     66.1% 9.42 GB  (3.9 MB/s)
     66.6% 9.49 GB  (3.9 MB/s)
     67.1% 9.56 GB  (3.9 MB/s)
     67.5% 9.61 GB  (3.9 MB/s)
     67.8% 9.66 GB  (3.9 MB/s)
     68.2% 9.72 GB  (3.9 MB/s)
     68.7% 9.79 GB  (3.9 MB/s)
     69.2% 9.86 GB  (3.9 MB/s)
     69.7% 9.93 GB  (3.9 MB/s)
     70.2% 10.00 GB  (3.9 MB/s)
     70.7% 10.07 GB  (3.9 MB/s)
     71.2% 10.15 GB  (3.9 MB/s)
     71.7% 10.22 GB  (3.9 MB/s)
     72.2% 10.29 GB  (3.9 MB/s)
     72.7% 10.36 GB  (3.9 MB/s)
     73.2% 10.42 GB  (3.9 MB/s)
     73.6% 10.49 GB  (3.9 MB/s)
     74.1% 10.55 GB  (3.9 MB/s)
     74.6% 10.62 GB  (4.0 MB/s)
     75.1% 10.70 GB  (4.0 MB/s)
     75.6% 10.77 GB  (4.0 MB/s)
     76.1% 10.84 GB  (4.0 MB/s)
     76.6% 10.91 GB  (4.0 MB/s)
     77.0% 10.96 GB  (4.0 MB/s)
     77.2% 11.00 GB  (4.0 MB/s)
     77.7% 11.07 GB  (4.0 MB/s)
     78.2% 11.14 GB  (4.0 MB/s)
     78.7% 11.22 GB  (4.0 MB/s)
     79.2% 11.29 GB  (4.0 MB/s)
     79.7% 11.36 GB  (4.0 MB/s)
     80.2% 11.43 GB  (4.0 MB/s)
     80.7% 11.50 GB  (4.0 MB/s)
[retry 1/20] ('Connection broken: IncompleteRead(11506235264 bytes read, 2738421135 more expected)', IncompleteRead(11506235264 bytes read, 2738421135 more expected))
     81.3% 11.58 GB  (739.8 MB/s)
     81.7% 11.64 GB  (372.7 MB/s)
     82.2% 11.71 GB  (249.5 MB/s)
     82.7% 11.79 GB  (188.3 MB/s)
     83.2% 11.85 GB  (152.7 MB/s)
     83.7% 11.92 GB  (127.7 MB/s)
     84.2% 12.00 GB  (109.8 MB/s)
     84.7% 12.07 GB  (96.6 MB/s)
     85.2% 12.14 GB  (86.2 MB/s)
     85.7% 12.21 GB  (78.0 MB/s)
     86.2% 12.27 GB  (71.2 MB/s)
     86.6% 12.33 GB  (65.5 MB/s)
     86.7% 12.35 GB  (60.3 MB/s)
     87.2% 12.42 GB  (56.3 MB/s)
     87.7% 12.49 GB  (52.8 MB/s)
     88.2% 12.57 GB  (49.9 MB/s)
     88.7% 12.64 GB  (47.2 MB/s)
     89.2% 12.71 GB  (44.8 MB/s)
     89.7% 12.78 GB  (42.7 MB/s)
     90.2% 12.85 GB  (40.8 MB/s)
     90.7% 12.91 GB  (39.1 MB/s)
     91.2% 12.99 GB  (37.5 MB/s)
     91.7% 13.06 GB  (36.1 MB/s)
     92.2% 13.13 GB  (34.8 MB/s)
     92.7% 13.20 GB  (33.6 MB/s)
     93.2% 13.27 GB  (32.5 MB/s)
     93.7% 13.34 GB  (31.4 MB/s)
     94.1% 13.40 GB  (30.5 MB/s)
     94.4% 13.45 GB  (29.6 MB/s)
     94.9% 13.51 GB  (28.7 MB/s)
     95.3% 13.57 GB  (27.9 MB/s)
     95.6% 13.62 GB  (27.0 MB/s)
     96.1% 13.69 GB  (26.3 MB/s)
     96.3% 13.72 GB  (25.6 MB/s)
     96.7% 13.78 GB  (25.0 MB/s)
     97.1% 13.84 GB  (24.4 MB/s)
     97.6% 13.90 GB  (23.8 MB/s)
     98.1% 13.97 GB  (23.4 MB/s)
     98.6% 14.04 GB  (22.9 MB/s)
     99.0% 14.11 GB  (22.4 MB/s)
     99.5% 14.17 GB  (22.0 MB/s)
    100.0% 14.24 GB  (21.6 MB/s)
[done] data\raw\aida\f89a12c2-7a3b-415b-ab87-bbc550fe17f4.h5ad (14.24 GB)
