[cached] <repo>\data\raw\GSE217460\GSE217460_210322_TFAtlas_differentiated_raw.h5ad.gz (0.13 GB) — complete, skipping
[cached] <repo>\data\raw\GSE217460\GSE217460_210322_TFAtlas_raw.h5ad.gz complete (4.69 GB); skipping
[cached] <repo>\data\raw\GSE217460\GSE217460_210322_TFAtlas_differentiated_raw.h5ad already decompressed
==========================================================================================
FILE: <repo>\data\raw\GSE217460\GSE217460_210322_TFAtlas_differentiated_raw.h5ad (4.33 GB on disk)
top-level keys: ['X', 'obs', 'var']
X: dense dataset (28825, 37528) float32
shape (cells, genes): (28825, 37528)
obs columns: ['TF', 'batch', 'louvain', 'n_counts', 'n_genes', 'percent_mito', 'batchTF', 'score', 'temp', 'dpt_pseudotime', 'm3_pseudotime', 'difflouvain']
var columns: []
uns keys: []
obsm keys: []
obs head(3):
               R1.11,R2.75,R3.53,P1.54-0-1-0 R1.57,R2.65,R3.85,P1.62-1-1-0 R1.36,R2.43,R3.03,P1.07-2-1-0
TF                            TFORF3021-DLX4                TFORF3021-DLX4                TFORF3021-DLX4
batch                                      0                             0                             0
louvain                                    8                             7                             7
n_counts                              5272.0                        4635.0                        7828.0
n_genes                                 3114                          2871                          4022
percent_mito                        0.020106                      0.031284                        0.0221
batchTF                                    0                             0                             0
score                               0.817965                     -0.234307                      0.866848
temp                          TFORF3021-DLX4                TFORF3021-DLX4                TFORF3021-DLX4
dpt_pseudotime                      0.016736                      0.076906                      0.014656
m3_pseudotime                        0.11198                      0.647316                      0.200493
difflouvain                                6                             0                             0
==========================================================================================
[cached] <repo>\data\processed\GSE217460_TFAtlas_raw_sparse.h5ad
==========================================================================================
GSE216481 / GSE217460 TF Atlas raw counts (sparse-converted): shape (cells, genes) = (1145823, 37528)
obs columns: ['n_genes', 'percent_mito', 'n_counts', 'batch', 'TF']
var columns: ['n_cells-0-0', 'n_cells-0-1-0', 'n_cells-1-1-0', 'n_cells-2-1-0', 'n_cells-3-1-0', 'n_cells-0-2-0', 'n_cells-1-2-0', 'n_cells-2-2-0', 'n_cells-3-2-0', 'n_cells-0-3-0', 'n_cells-1-3-0', 'n_cells-2-3-0', 'n_cells-3-3-0', 'n_cells-0-4-0', 'n_cells-1-4-0', 'n_cells-2-4-0', 'n_cells-3-4-0', 'n_cells-0-1', 'n_cells-1-1', 'n_cells-2-1', 'n_cells-3-1']  (var index = gene symbols, e.g. ['A1BG', 'A1BG-AS1', 'A1CF', 'A2M', 'A2M-AS1'])
n distinct TF labels: 3,369
n batches: 2
             R1.01,R2.01,R3.01,P1.22-0-0 R1.01,R2.01,R3.02,P1.22-0-0 R1.01,R2.01,R3.05,P1.38-0-0
n_genes                             1642                        1892                        2159
percent_mito                     0.03065                    0.023033                    0.027615
n_counts                          2186.0                      2605.0                      3078.0
batch                                  0                           0                           0
TF                       TFORF0867-NR1H2            TFORF1728-ZNF695             TFORF0131-HMGB4
X sample: dtype=float32 min=1.0 max=113.0 integer-fraction=1.0000
==========================================================================================
[cached] <repo>\data\raw\onek1k\1e44db10-b572-46cc-adae-dcc7acd44ca6.h5ad (4.43 GB) — complete, skipping
==========================================================================================
FILE: <repo>\data\raw\onek1k\1e44db10-b572-46cc-adae-dcc7acd44ca6.h5ad (4.43 GB on disk)
top-level keys: ['X', 'layers', 'obs', 'obsm', 'obsp', 'uns', 'var', 'varm', 'varp']
X: sparse group, encoding: {'encoding-type': 'csr_matrix', 'encoding-version': '0.1.0', 'shape': array([1248980,   35528])} data dtype: float32 nnz: 1183532685
layers: []
shape (cells, genes): (1248980, 35528)
obs columns: ['orig.ident', 'nCount_RNA', 'nFeature_RNA', 'percent.mt', 'donor_id', 'pool_number', 'predicted.celltype.l2', 'predicted.celltype.l2.score', 'age', 'tissue_ontology_term_id', 'assay_ontology_term_id', 'disease_ontology_term_id', 'cell_type_ontology_term_id', 'self_reported_ethnicity_ontology_term_id', 'development_stage_ontology_term_id', 'sex_ontology_term_id', 'is_primary_data', 'suspension_type', 'tissue_type', 'cell_type', 'assay', 'disease', 'sex', 'tissue', 'self_reported_ethnicity', 'development_stage', 'observation_joinid']
var columns: ['vst.mean', 'vst.variance', 'vst.variance.expected', 'vst.variance.standardized', 'vst.variable', 'feature_is_filtered', 'feature_name', 'feature_reference', 'feature_biotype', 'feature_length', 'feature_type']
uns keys: ['cell_type_ontology_term_id_colors', 'citation', 'default_embedding', 'is_pre_analysis', 'organism', 'organism_ontology_term_id', 'schema_reference', 'schema_version', 'title']
obsm keys: ['X_azimuth_spca', 'X_azimuth_umap', 'X_harmony', 'X_pca', 'X_umap']
obs head(3):
barcode                                                               AAACCTGAGAATGTTG-1   AAACCTGAGAGAACAG-1                                    AAACCTGAGCATGGCA-1
orig.ident                                                                        onek1k               onek1k                                                onek1k
nCount_RNA                                                                        4921.0               2523.0                                                2565.0
nFeature_RNA                                                                        1256                  941                                                   716
percent.mt                                                                      1.341191             3.606817                                              3.274854
donor_id                                                                         691_692              693_694                                               688_689
pool_number                                                                            1                    1                                                     1
predicted.celltype.l2                                                            CD4 TCM                   NK                                             CD4 Naive
predicted.celltype.l2.score                                                     0.605378                  1.0                                              0.557355
age                                                                                   66                   88                                                    66
tissue_ontology_term_id                                                   UBERON:0000178       UBERON:0000178                                        UBERON:0000178
assay_ontology_term_id                                                       EFO:0009899          EFO:0009899                                           EFO:0009899
disease_ontology_term_id                                                    PATO:0000461         PATO:0000461                                          PATO:0000461
cell_type_ontology_term_id                                                    CL:0000904           CL:0000623                                            CL:0000895
self_reported_ethnicity_ontology_term_id                                  HANCESTRO:0346       HANCESTRO:0346                                        HANCESTRO:0346
development_stage_ontology_term_id                                        HsapDv:0000160       HsapDv:0000214                                        HsapDv:0000160
sex_ontology_term_id                                                        PATO:0000384         PATO:0000383                                          PATO:0000384
is_primary_data                                                                     True                 True                                                  True
suspension_type                                                                     cell                 cell                                                  cell
tissue_type                                                                       tissue               tissue                                                tissue
cell_type                                 central memory CD4-positive, alpha-beta T cell  natural killer cell  naive thymus-derived CD4-positive, alpha-beta T cell
assay                                                                          10x 3' v2            10x 3' v2                                             10x 3' v2
disease                                                                           normal               normal                                                normal
sex                                                                                 male               female                                                  male
tissue                                                                             blood                blood                                                 blood
self_reported_ethnicity                                                       Australian           Australian                                            Australian
development_stage                                                      66-year-old stage    88-year-old stage                                     66-year-old stage
observation_joinid                                                            6lGn%bs7=c           lI6AWYFKTJ                                            5quUT(fC3Q
==========================================================================================
[cached] <repo>\data\raw\aida\f89a12c2-7a3b-415b-ab87-bbc550fe17f4.h5ad (14.24 GB) — complete, skipping
